
> pulpos_clone@0.1.0 build
> prisma generate && next build

Environment variables loaded from .env
Prisma schema loaded from prisma\schema.prisma

Ô£ö Generated Prisma Client (v5.20.0) to .\node_modules\@prisma\client in 277ms

Start by importing your Prisma Client (See: http://pris.ly/d/importing-client)

Tip: Interested in query caching in just a few lines of code? Try Accelerate today! https://pris.ly/tip-3-accelerate

Ôû▓ Next.js 16.2.2 (Turbopack)
- Environments: .env
- Experiments (use with caution):
  ┬À serverActions

cmd : ÔÜá The "middleware" file convention is deprecated. Please use "proxy" instead. Learn more: 
https://nextjs.org/docs/messages/middleware-to-proxy
En línea: 1 Carácter: 1
+ cmd /c npm run build > build_output.log 2>&1
+ ~~~~~~~~~~~~~~~~~~~~~~~~~~~~~~~~~~~~~~~~~~~~
    + CategoryInfo          : NotSpecified: (ÔÜá The "middle...leware-to-proxy:String) [], RemoteException
    + FullyQualifiedErrorId : NativeCommandError
 
  Creating an optimized production build ...
Ô£ô Compiled successfully in 5.5s
  Skipping validation of types
  Finished TypeScript config validation in 14ms ...
  Collecting page data using 15 workers ...
ÔÜá Using edge runtime on a page currently disables static generation for that page
  Generating static pages using 15 workers (0/47) ...
  Generating static pages using 15 workers (11/47) 
  Generating static pages using 15 workers (23/47) 
  Generating static pages using 15 workers (35/47) 
Ô£ô Generating static pages using 15 workers (47/47) in 3.3s
  Finalizing page optimization ...

Route (app)
Ôöî ãÆ /
Ôö£ Ôùï /_not-found
Ôö£ ãÆ /api/ai
Ôö£ ãÆ /api/auth/login
Ôö£ ãÆ /api/cron/sat-invoicing
Ôö£ ãÆ /api/icon
Ôö£ ãÆ /api/mercadolibre/sync
Ôö£ ãÆ /api/mercadolibre/webhooks
Ôö£ ãÆ /caja/actual
Ôö£ ãÆ /caja/cortes
Ôö£ ãÆ /catalogo
Ôö£ ãÆ /clientes
Ôö£ ãÆ /clientes/[id]
Ôö£ ãÆ /clientes/[id]/editar
Ôö£ ãÆ /clientes/nuevo
Ôö£ ãÆ /clientes/portal
Ôö£ ãÆ /facturas
Ôö£ ãÆ /facturas/globales
Ôö£ ãÆ /facturas/ventas
Ôö£ ãÆ /ia
Ôö£ Ôùï /login
Ôö£ ãÆ /preferencias
Ôö£ ãÆ /preferencias/bancos
Ôö£ ãÆ /preferencias/cajas
Ôö£ ãÆ /preferencias/clientes
Ôö£ ãÆ /preferencias/cotizaciones
Ôö£ ãÆ /preferencias/fabricacion
Ôö£ ãÆ /preferencias/facturacion
Ôö£ ãÆ /preferencias/general
Ôö£ ãÆ /preferencias/impresoras
Ôö£ ãÆ /preferencias/listas-de-precios
Ôö£ ãÆ /preferencias/metodos
Ôö£ ãÆ /preferencias/notificaciones
Ôö£ ãÆ /preferencias/productos
Ôö£ ãÆ /preferencias/recargas
Ôö£ ãÆ /preferencias/sucursales
Ôö£ ãÆ /preferencias/tickets
Ôö£ ãÆ /preferencias/usuarios
Ôö£ ãÆ /preferencias/vendedores
Ôö£ ãÆ /preferencias/ventas
Ôö£ ãÆ /productos
Ôö£ ãÆ /productos/[id]
Ôö£ ãÆ /productos/compras
Ôö£ ãÆ /productos/compras/nuevo
Ôö£ ãÆ /productos/nuevo
Ôö£ ãÆ /productos/pedidos
Ôö£ ãÆ /productos/pedidos/nuevo
Ôö£ ãÆ /productos/traspasos
Ôö£ ãÆ /productos/traspasos/[id]
Ôö£ ãÆ /productos/traspasos/[id]/imprimir
Ôö£ ãÆ /productos/traspasos/salida
Ôö£ ãÆ /productos/traspasos/solicitar
Ôö£ ãÆ /proveedores
Ôö£ ãÆ /proveedores/cuentas
Ôö£ ãÆ /proveedores/nuevo
Ôö£ ãÆ /reportes
Ôö£ ãÆ /reportes/general
Ôö£ ãÆ /reportes/inventario-valorizado
Ôö£ ãÆ /reportes/ventas-desglose
Ôö£ ãÆ /tienda/[branchId]
Ôö£ ãÆ /ventas
Ôö£ ãÆ /ventas/[id]
Ôö£ ãÆ /ventas/[id]/imprimir
Ôöö ãÆ /ventas/nueva


ãÆ Proxy (Middleware)

Ôùï  (Static)   prerendered as static content
ãÆ  (Dynamic)  server-rendered on demand

