.next/dev/types/validator.ts(98,39): error TS2307: Cannot find module '../../../app/(dashboard)/clientes/cobranza/page.js' or its corresponding type declarations.
.next/dev/types/validator.ts(557,39): error TS2307: Cannot find module '../../../app/login/page.js' or its corresponding type declarations.
app/(dashboard)/caja/actual/page.tsx(7,36): error TS2554: Expected 0 arguments, but got 1.
app/(dashboard)/ia/page.tsx(9,36): error TS2554: Expected 0 arguments, but got 1.
app/(dashboard)/reportes/general/GeneralAnalyticsClient.tsx(75,15): error TS2322: Type '(value: number) => string' is not assignable to type 'Formatter<ValueType, NameType> & ((value: ValueType, name: NameType, item: TooltipPayloadEntry, index: number, payload: TooltipPayload) => ReactNode | [...])'.
  Type '(value: number) => string' is not assignable to type 'Formatter<ValueType, NameType>'.
    Types of parameters 'value' and 'value' are incompatible.
      Type 'ValueType | undefined' is not assignable to type 'number'.
        Type 'undefined' is not assignable to type 'number'.
app/(dashboard)/reportes/inventario-valorizado/InventarioValorizadoClient.tsx(130,34): error TS2322: Type '(value: number) => string' is not assignable to type 'Formatter<ValueType, NameType> & ((value: ValueType, name: NameType, item: TooltipPayloadEntry, index: number, payload: TooltipPayload) => ReactNode | [...])'.
  Type '(value: number) => string' is not assignable to type 'Formatter<ValueType, NameType>'.
    Types of parameters 'value' and 'value' are incompatible.
      Type 'ValueType | undefined' is not assignable to type 'number'.
        Type 'undefined' is not assignable to type 'number'.
app/(dashboard)/reportes/ventas-desglose/VentasDesgloseClient.tsx(164,34): error TS2322: Type '(value: number) => string' is not assignable to type 'Formatter<ValueType, NameType> & ((value: ValueType, name: NameType, item: TooltipPayloadEntry, index: number, payload: TooltipPayload) => ReactNode | [...])'.
  Type '(value: number) => string' is not assignable to type 'Formatter<ValueType, NameType>'.
    Types of parameters 'value' and 'value' are incompatible.
      Type 'ValueType | undefined' is not assignable to type 'number'.
        Type 'undefined' is not assignable to type 'number'.
app/(dashboard)/ventas/nueva/POSClient.tsx(157,14): error TS2322: Type 'string | boolean | null' is not assignable to type 'boolean'.
  Type 'null' is not assignable to type 'boolean'.
app/(dashboard)/ventas/nueva/POSClient.tsx(459,33): error TS2345: Argument of type '{ customerId: string | null; sessionId: string | undefined; notes: string; cashValue: number | undefined; cardValue: number | undefined; billingData: { rfc: string; name: string; zipCode: string; regime: string; use: string; } | undefined; items: { ...; }[]; total: number; paymentMethod: any; }' is not assignable to parameter of type 'Omit<OfflineSale, "id" | "timestamp" | "synced">'.
  Type '{ customerId: string | null; sessionId: string | undefined; notes: string; cashValue: number | undefined; cardValue: number | undefined; billingData: { rfc: string; name: string; zipCode: string; regime: string; use: string; } | undefined; items: { ...; }[]; total: number; paymentMethod: any; }' is missing the following properties from type 'Omit<OfflineSale, "id" | "timestamp" | "synced">': retryCount, failed
app/actions/adjustment.ts(14,36): error TS2554: Expected 0 arguments, but got 1.
app/actions/adjustment.ts(21,15): error TS18047: 'user' is possibly 'null'.
app/actions/adjustment.ts(41,17): error TS18047: 'user' is possibly 'null'.
app/actions/caja.ts(9,39): error TS2554: Expected 0 arguments, but got 1.
app/actions/caja.ts(28,39): error TS2554: Expected 0 arguments, but got 1.
app/actions/customerPayment.ts(16,36): error TS2554: Expected 0 arguments, but got 1.
app/actions/customerPayment.ts(26,24): error TS18047: 'user' is possibly 'null'.
app/actions/customerPayment.ts(73,22): error TS18047: 'user' is possibly 'null'.
app/actions/customerPayment.ts(76,14): error TS2353: Object literal may only specify known properties, and 'paymentDate' does not exist in type 'Without<CustomerPaymentCreateInput, CustomerPaymentUncheckedCreateInput> & CustomerPaymentUncheckedCreateInput'.
app/actions/customerPayment.ts(89,22): error TS18047: 'user' is possibly 'null'.
app/actions/customerPayment.ts(111,36): error TS2554: Expected 0 arguments, but got 1.
app/actions/customerPayment.ts(137,7): error TS18047: 'payment.reason' is possibly 'null'.
app/actions/customerPayment.ts(137,42): error TS18047: 'payment.reason' is possibly 'null'.
app/actions/customerPayment.ts(139,26): error TS18047: 'user' is possibly 'null'.
app/actions/inventory.ts(34,36): error TS2554: Expected 0 arguments, but got 1.
app/actions/inventory.ts(57,35): error TS18047: 'user' is possibly 'null'.
app/actions/pedidos.ts(15,36): error TS2554: Expected 0 arguments, but got 1.
app/actions/pedidos.ts(25,15): error TS18047: 'user' is possibly 'null'.
app/actions/purchase.ts(16,36): error TS2554: Expected 0 arguments, but got 1.
app/actions/purchase.ts(54,17): error TS18047: 'user' is possibly 'null'.
app/actions/quote.ts(15,36): error TS2554: Expected 0 arguments, but got 1.
app/actions/quote.ts(25,15): error TS18047: 'user' is possibly 'null'.
app/actions/returns.ts(18,36): error TS2554: Expected 0 arguments, but got 1.
app/actions/returns.ts(33,15): error TS18047: 'user' is possibly 'null'.
app/actions/returns.ts(65,19): error TS18047: 'user' is possibly 'null'.
app/actions/sale.ts(21,38): error TS2554: Expected 0 arguments, but got 1.
app/actions/sale.ts(90,17): error TS18047: 'user' is possibly 'null'.
app/actions/supplierPayment.ts(15,36): error TS2554: Expected 0 arguments, but got 1.
app/actions/supplierPayment.ts(26,24): error TS18047: 'user' is possibly 'null'.
app/actions/supplierPayment.ts(73,22): error TS18047: 'user' is possibly 'null'.
app/actions/supplierPayment.ts(89,22): error TS18047: 'user' is possibly 'null'.
app/actions/transfer.ts(21,40): error TS2554: Expected 0 arguments, but got 1.
app/actions/transfer.ts(30,22): error TS18047: 'authUser' is possibly 'null'.
app/actions/transfer.ts(56,40): error TS2554: Expected 0 arguments, but got 1.
app/actions/transfer.ts(62,20): error TS18047: 'authUser' is possibly 'null'.
app/actions/transfer.ts(81,40): error TS2554: Expected 0 arguments, but got 1.
app/actions/transfer.ts(90,22): error TS18047: 'authUser' is possibly 'null'.
app/actions/transfer.ts(91,25): error TS18047: 'authUser' is possibly 'null'.
app/actions/transfer.ts(180,40): error TS2554: Expected 0 arguments, but got 1.
app/actions/transfer.ts(261,28): error TS18047: 'authUser' is possibly 'null'.
app/actions/transfer.ts(280,25): error TS18047: 'authUser' is possibly 'null'.
app/actions/transfer.ts(302,40): error TS2554: Expected 0 arguments, but got 1.
app/actions/transfer.ts(338,24): error TS18047: 'authUser' is possibly 'null'.
app/api/ai/route.ts(10,38): error TS2554: Expected 0 arguments, but got 1.
app/api/auth/login/route.ts(30,10): error TS18047: 'user' is possibly 'null'.
app/api/auth/login/route.ts(30,28): error TS18047: 'user' is possibly 'null'.
app/api/auth/login/route.ts(35,25): error TS18047: 'user' is possibly 'null'.
app/api/auth/login/route.ts(35,34): error TS18047: 'user' is possibly 'null'.
app/api/auth/login/route.ts(35,49): error TS18047: 'user' is possibly 'null'.
app/api/cron/sat-invoicing/route.ts(21,9): error TS2353: Object literal may only specify known properties, and 'cfdiStatus' does not exist in type 'SaleWhereInput'.
app/api/cron/sat-invoicing/route.ts(47,13): error TS2353: Object literal may only specify known properties, and 'cfdiStatus' does not exist in type '(Without<SaleUpdateInput, SaleUncheckedUpdateInput> & SaleUncheckedUpdateInput) | (Without<...> & SaleUpdateInput)'.
app/api/cron/sat-invoicing/route.ts(49,24): error TS2339: Property 'billingData' does not exist on type '{ userId: string; id: string; createdAt: Date; updatedAt: Date; branchId: string | null; status: string; total: number; paymentMethod: string; customerId: string | null; cashSessionId: string | null; ... 6 more ...; balanceDue: number; }'.
app/api/cron/sat-invoicing/route.ts(66,15): error TS2353: Object literal may only specify known properties, and 'billingData' does not exist in type '(Without<SaleUpdateInput, SaleUncheckedUpdateInput> & SaleUncheckedUpdateInput) | (Without<...> & SaleUpdateInput)'.
app/api/cron/sat-invoicing/route.ts(67,27): error TS2339: Property 'billingData' does not exist on type '{ userId: string; id: string; createdAt: Date; updatedAt: Date; branchId: string | null; status: string; total: number; paymentMethod: string; customerId: string | null; cashSessionId: string | null; ... 6 more ...; balanceDue: number; }'.
app/components/Header.tsx(10,43): error TS2554: Expected 0 arguments, but got 1.
app/components/OfflineSyncProvider.tsx(229,17): error TS2339: Property 'isDirectPurchase' does not exist on type 'OfflinePurchase'.
app/components/OfflineSyncProvider.tsx(231,45): error TS2339: Property 'total' does not exist on type 'OfflinePurchase'.
app/components/OfflineSyncProvider.tsx(231,54): error TS2339: Property 'paymentMethod' does not exist on type 'OfflinePurchase'.
app/components/OfflineSyncProvider.tsx(231,95): error TS2339: Property 'freightCost' does not exist on type 'OfflinePurchase'.
app/components/OfflineSyncProvider.tsx(234,55): error TS2339: Property 'notes' does not exist on type 'OfflinePurchase'.
app/components/OfflineSyncProvider.tsx(234,73): error TS2339: Property 'total' does not exist on type 'OfflinePurchase'.
app/components/OfflineSyncProvider.tsx(312,36): error TS2345: Argument of type '{ name: string; id: string; createdAt: Date; updatedAt: Date; email: string | null; branchId: string | null; priceList: string; phone: string | null; street: string | null; exteriorNumber: string | null; ... 12 more ...; storeCredit: number; }[]' is not assignable to parameter of type 'readonly OfflineCustomer[]'.
  Type '{ name: string; id: string; createdAt: Date; updatedAt: Date; email: string | null; branchId: string | null; priceList: string; phone: string | null; street: string | null; exteriorNumber: string | null; ... 12 more ...; storeCredit: number; }' is not assignable to type 'OfflineCustomer'.
    Types of property 'branchId' are incompatible.
      Type 'string | null' is not assignable to type 'string'.
        Type 'null' is not assignable to type 'string'.
app/components/OfflineSyncProvider.tsx(315,36): error TS2345: Argument of type '{ name: string; id: string; createdAt: Date; updatedAt: Date; email: string | null; branchId: string | null; phone: string | null; street: string | null; exteriorNumber: string | null; ... 12 more ...; storeCredit: number; }[]' is not assignable to parameter of type 'readonly OfflineSupplier[]'.
  Property 'contact' is missing in type '{ name: string; id: string; createdAt: Date; updatedAt: Date; email: string | null; branchId: string | null; phone: string | null; street: string | null; exteriorNumber: string | null; ... 12 more ...; storeCredit: number; }' but required in type 'OfflineSupplier'.
next.config.ts(1,19): error TS2304: Cannot find name 'NextConfig'.
