app/(dashboard)/configuracion/fabricacion/page.tsx(39,14): error TS2353: Object literal may only specify known properties, and 'tenantId' does not exist in type 'ProductWhereInput'.
app/(dashboard)/preferencias/general/QZTrayConfig.tsx(53,19): error TS2345: Argument of type 'string | string[]' is not assignable to parameter of type 'SetStateAction<string[]>'.
  Type 'string' is not assignable to type 'SetStateAction<string[]>'.
app/(dashboard)/reportes/facturacion/FacturacionReportClient.tsx(180,34): error TS2322: Type '(value: number) => [string, string]' is not assignable to type 'Formatter<ValueType, NameType> & ((value: ValueType, name: NameType, item: TooltipPayloadEntry, index: number, payload: TooltipPayload) => ReactNode | [...])'.
  Type '(value: number) => [string, string]' is not assignable to type 'Formatter<ValueType, NameType>'.
    Types of parameters 'value' and 'value' are incompatible.
      Type 'ValueType | undefined' is not assignable to type 'number'.
        Type 'undefined' is not assignable to type 'number'.
app/(dashboard)/reportes/facturacion/FacturacionReportClient.tsx(206,34): error TS2322: Type '(value: number) => [string, string]' is not assignable to type 'Formatter<ValueType, NameType> & ((value: ValueType, name: NameType, item: TooltipPayloadEntry, index: number, payload: TooltipPayload) => ReactNode | [...])'.
  Type '(value: number) => [string, string]' is not assignable to type 'Formatter<ValueType, NameType>'.
    Types of parameters 'value' and 'value' are incompatible.
      Type 'ValueType | undefined' is not assignable to type 'number'.
        Type 'undefined' is not assignable to type 'number'.
app/(dashboard)/reportes/facturacion/page.tsx(35,7): error TS2353: Object literal may only specify known properties, and 'tenantId' does not exist in type 'SaleWhereInput'.
app/(dashboard)/ventas/nueva/POSClient.tsx(449,33): error TS2345: Argument of type '{ type: string; format: string; data: string; }[]' is not assignable to parameter of type 'string[] | PrintData[]'.
  Type '{ type: string; format: string; data: string; }[]' is not assignable to type 'string[]'.
    Type '{ type: string; format: string; data: string; }' is not assignable to type 'string'.
